2026-03-10 14:42:00,869 - INFO - Shift generation started.
2026-03-10 14:42:00,881 - INFO - Generating for 31 days.
2026-03-10 14:42:00,886 - INFO - Loaded 0 records from previous month's history.
2026-03-10 14:42:00,904 - INFO - Processing 17 employees.
2026-03-10 14:42:00,989 - INFO - PuLP problem initialized.
2026-03-10 14:42:01,063 - DEBUG - Defining constraints for employee 2 (大和鈴子).
2026-03-10 14:42:01,066 - DEBUG - Emp 2: consecutive work days from previous month = 0
2026-03-10 14:42:01,068 - DEBUG - Emp 2 on 2026-03-01: previous day shift from history is None
2026-03-10 14:42:01,083 - DEBUG - Defining constraints for employee 3 (工藤麻紀子).
2026-03-10 14:42:01,086 - DEBUG - Emp 3: consecutive work days from previous month = 0
2026-03-10 14:42:01,089 - DEBUG - Emp 3 on 2026-03-01: previous day shift from history is None
2026-03-10 14:42:01,101 - DEBUG - Defining constraints for employee 4 (坂本好子).
2026-03-10 14:42:01,104 - DEBUG - Emp 4: consecutive work days from previous month = 0
2026-03-10 14:42:01,107 - DEBUG - Emp 4 on 2026-03-01: previous day shift from history is None
2026-03-10 14:42:01,121 - DEBUG - Defining constraints for employee 5 (清水翔太).
2026-03-10 14:42:01,124 - DEBUG - Emp 5: consecutive work days from previous month = 0
2026-03-10 14:42:01,126 - DEBUG - Emp 5 on 2026-03-01: previous day shift from history is None
2026-03-10 14:42:01,143 - DEBUG - Defining constraints for employee 6 (金子和代).
2026-03-10 14:42:01,147 - DEBUG - Emp 6: consecutive work days from previous month = 0
2026-03-10 14:42:01,149 - DEBUG - Emp 6 on 2026-03-01: previous day shift from history is None
2026-03-10 14:42:01,162 - DEBUG - Defining constraints for employee 7 (清水真寿美).
2026-03-10 14:42:01,165 - DEBUG - Emp 7: consecutive work days from previous month = 0
2026-03-10 14:42:01,168 - DEBUG - Emp 7 on 2026-03-01: previous day shift from history is None
2026-03-10 14:42:01,182 - DEBUG - Defining constraints for employee 8 (奥寺恵子).
2026-03-10 14:42:01,185 - DEBUG - Emp 8: consecutive work days from previous month = 0
2026-03-10 14:42:01,187 - DEBUG - Emp 8 on 2026-03-01: previous day shift from history is None
2026-03-10 14:42:01,189 - DEBUG - Defining constraints for employee 9 (大澤亜湖).
2026-03-10 14:42:01,192 - DEBUG - Emp 9: consecutive work days from previous month = 0
2026-03-10 14:42:01,196 - DEBUG - Emp 9 on 2026-03-01: previous day shift from history is None
2026-03-10 14:42:01,199 - DEBUG - Defining constraints for employee 10 (外浦千代美).
2026-03-10 14:42:01,202 - DEBUG - Emp 10: consecutive work days from previous month = 0
2026-03-10 14:42:01,205 - DEBUG - Emp 10 on 2026-03-01: previous day shift from history is None
2026-03-10 14:42:01,208 - DEBUG - Defining constraints for employee 11 (宇部順子).
2026-03-10 14:42:01,212 - DEBUG - Emp 11: consecutive work days from previous month = 0
2026-03-10 14:42:01,215 - DEBUG - Emp 11 on 2026-03-01: previous day shift from history is None
2026-03-10 14:42:01,217 - DEBUG - Defining constraints for employee 12 (大宮莉奈).
2026-03-10 14:42:01,221 - DEBUG - Emp 12: consecutive work days from previous month = 0
2026-03-10 14:42:01,223 - DEBUG - Emp 12 on 2026-03-01: previous day shift from history is None
2026-03-10 14:42:01,227 - DEBUG - Defining constraints for employee 13 (橋場由香).
2026-03-10 14:42:01,230 - DEBUG - Emp 13: consecutive work days from previous month = 0
2026-03-10 14:42:01,233 - DEBUG - Emp 13 on 2026-03-01: previous day shift from history is None
2026-03-10 14:42:01,236 - DEBUG - Defining constraints for employee 14 (大沢愛).
2026-03-10 14:42:01,239 - DEBUG - Emp 14: consecutive work days from previous month = 0
2026-03-10 14:42:01,242 - DEBUG - Emp 14 on 2026-03-01: previous day shift from history is None
2026-03-10 14:42:01,246 - DEBUG - Defining constraints for employee 15 (上戸鎖絵里).
2026-03-10 14:42:01,249 - DEBUG - Emp 15: consecutive work days from previous month = 0
2026-03-10 14:42:01,251 - DEBUG - Emp 15 on 2026-03-01: previous day shift from history is None
2026-03-10 14:42:01,254 - DEBUG - Defining constraints for employee 16 (中田秋子).
2026-03-10 14:42:01,257 - DEBUG - Emp 16: consecutive work days from previous month = 0
2026-03-10 14:42:01,260 - DEBUG - Emp 16 on 2026-03-01: previous day shift from history is None
2026-03-10 14:42:01,264 - DEBUG - Defining constraints for employee 17 (柏木あゆみ).
2026-03-10 14:42:01,268 - DEBUG - Emp 17: consecutive work days from previous month = 0
2026-03-10 14:42:01,270 - DEBUG - Emp 17 on 2026-03-01: previous day shift from history is None
2026-03-10 14:42:01,273 - DEBUG - Defining constraints for employee 18 (金城里子).
2026-03-10 14:42:01,275 - DEBUG - Emp 18: consecutive work days from previous month = 0
2026-03-10 14:42:01,278 - DEBUG - Emp 18 on 2026-03-01: previous day shift from history is None
2026-03-10 14:42:01,292 - INFO - Defining soft constraints.
2026-03-10 14:42:01,425 - INFO - Solving problem...
2026-03-10 14:42:01,890 - INFO - Shift generation started.
2026-03-10 14:42:01,977 - INFO - Generating for 31 days.
2026-03-10 14:42:02,002 - INFO - Loaded 0 records from previous month's history.
2026-03-10 14:42:02,177 - INFO - Processing 17 employees.
2026-03-10 14:42:02,322 - INFO - PuLP problem initialized.
2026-03-10 14:42:02,346 - DEBUG - /Users/yamatotakuya/camp/final_product/shifpita_mvp/.venv/lib/python3.13/site-packages/pulp/apis/../solverdir/cbc/osx/i64/cbc /var/folders/1m/6ch_n04s7cvdqp3p8kh6c58h0000gn/T/742983f1340847b08f8e2083c934c0f4-pulp.mps -timeMode elapsed -branch -printingOptions all -solution /var/folders/1m/6ch_n04s7cvdqp3p8kh6c58h0000gn/T/742983f1340847b08f8e2083c934c0f4-pulp.sol 
2026-03-10 14:42:02,406 - DEBUG - Defining constraints for employee 2 (大和鈴子).
2026-03-10 14:42:02,409 - DEBUG - Emp 2: consecutive work days from previous month = 0
2026-03-10 14:42:02,413 - DEBUG - Emp 2 on 2026-03-01: previous day shift from history is None
2026-03-10 14:42:02,427 - DEBUG - Defining constraints for employee 3 (工藤麻紀子).
2026-03-10 14:42:02,430 - DEBUG - Emp 3: consecutive work days from previous month = 0
2026-03-10 14:42:02,434 - DEBUG - Emp 3 on 2026-03-01: previous day shift from history is None
2026-03-10 14:42:02,447 - DEBUG - Defining constraints for employee 4 (坂本好子).
2026-03-10 14:42:02,451 - DEBUG - Emp 4: consecutive work days from previous month = 0
2026-03-10 14:42:02,454 - DEBUG - Emp 4 on 2026-03-01: previous day shift from history is None
2026-03-10 14:42:02,468 - DEBUG - Defining constraints for employee 5 (清水翔太).
2026-03-10 14:42:02,471 - DEBUG - Emp 5: consecutive work days from previous month = 0
2026-03-10 14:42:02,474 - DEBUG - Emp 5 on 2026-03-01: previous day shift from history is None
2026-03-10 14:42:02,493 - DEBUG - Defining constraints for employee 6 (金子和代).
2026-03-10 14:42:02,496 - DEBUG - Emp 6: consecutive work days from previous month = 0
2026-03-10 14:42:02,500 - DEBUG - Emp 6 on 2026-03-01: previous day shift from history is None
2026-03-10 14:42:02,513 - DEBUG - Defining constraints for employee 7 (清水真寿美).
2026-03-10 14:42:02,516 - DEBUG - Emp 7: consecutive work days from previous month = 0
2026-03-10 14:42:02,519 - DEBUG - Emp 7 on 2026-03-01: previous day shift from history is None
2026-03-10 14:42:02,533 - DEBUG - Defining constraints for employee 8 (奥寺恵子).
2026-03-10 14:42:02,537 - DEBUG - Emp 8: consecutive work days from previous month = 0
2026-03-10 14:42:02,539 - DEBUG - Emp 8 on 2026-03-01: previous day shift from history is None
2026-03-10 14:42:02,542 - DEBUG - Defining constraints for employee 9 (大澤亜湖).
2026-03-10 14:42:02,545 - DEBUG - Emp 9: consecutive work days from previous month = 0
2026-03-10 14:42:02,549 - DEBUG - Emp 9 on 2026-03-01: previous day shift from history is None
2026-03-10 14:42:02,552 - DEBUG - Defining constraints for employee 10 (外浦千代美).
2026-03-10 14:42:02,555 - DEBUG - Emp 10: consecutive work days from previous month = 0
2026-03-10 14:42:02,558 - DEBUG - Emp 10 on 2026-03-01: previous day shift from history is None
2026-03-10 14:42:02,561 - DEBUG - Defining constraints for employee 11 (宇部順子).
2026-03-10 14:42:02,564 - DEBUG - Emp 11: consecutive work days from previous month = 0
2026-03-10 14:42:02,568 - DEBUG - Emp 11 on 2026-03-01: previous day shift from history is None
2026-03-10 14:42:02,570 - DEBUG - Defining constraints for employee 12 (大宮莉奈).
2026-03-10 14:42:02,574 - DEBUG - Emp 12: consecutive work days from previous month = 0
2026-03-10 14:42:02,576 - DEBUG - Emp 12 on 2026-03-01: previous day shift from history is None
2026-03-10 14:42:02,580 - DEBUG - Defining constraints for employee 13 (橋場由香).
2026-03-10 14:42:02,585 - DEBUG - Emp 13: consecutive work days from previous month = 0
2026-03-10 14:42:02,588 - DEBUG - Emp 13 on 2026-03-01: previous day shift from history is None
2026-03-10 14:42:02,591 - DEBUG - Defining constraints for employee 14 (大沢愛).
2026-03-10 14:42:02,594 - DEBUG - Emp 14: consecutive work days from previous month = 0
2026-03-10 14:42:02,597 - DEBUG - Emp 14 on 2026-03-01: previous day shift from history is None
2026-03-10 14:42:02,600 - DEBUG - Defining constraints for employee 15 (上戸鎖絵里).
2026-03-10 14:42:02,604 - DEBUG - Emp 15: consecutive work days from previous month = 0
2026-03-10 14:42:02,606 - DEBUG - Emp 15 on 2026-03-01: previous day shift from history is None
2026-03-10 14:42:02,608 - DEBUG - Defining constraints for employee 16 (中田秋子).
2026-03-10 14:42:02,613 - DEBUG - Emp 16: consecutive work days from previous month = 0
2026-03-10 14:42:02,616 - DEBUG - Emp 16 on 2026-03-01: previous day shift from history is None
2026-03-10 14:42:02,619 - DEBUG - Defining constraints for employee 17 (柏木あゆみ).
2026-03-10 14:42:02,622 - DEBUG - Emp 17: consecutive work days from previous month = 0
2026-03-10 14:42:02,625 - DEBUG - Emp 17 on 2026-03-01: previous day shift from history is None
2026-03-10 14:42:02,628 - DEBUG - Defining constraints for employee 18 (金城里子).
2026-03-10 14:42:02,631 - DEBUG - Emp 18: consecutive work days from previous month = 0
2026-03-10 14:42:02,634 - DEBUG - Emp 18 on 2026-03-01: previous day shift from history is None
2026-03-10 14:42:02,648 - INFO - Defining soft constraints.
2026-03-10 14:42:02,783 - INFO - Solving problem...
2026-03-10 14:42:03,556 - DEBUG - /Users/yamatotakuya/camp/final_product/shifpita_mvp/.venv/lib/python3.13/site-packages/pulp/apis/../solverdir/cbc/osx/i64/cbc /var/folders/1m/6ch_n04s7cvdqp3p8kh6c58h0000gn/T/18575bc41feb4f618f7bdef577e7874a-pulp.mps -timeMode elapsed -branch -printingOptions all -solution /var/folders/1m/6ch_n04s7cvdqp3p8kh6c58h0000gn/T/18575bc41feb4f618f7bdef577e7874a-pulp.sol 
